Archive member included because of file (symbol)

/usr/lib/gcc/avr/4.8.2/avr51/libgcc.a(_umulhisi3.o)
                              ./usart/usart_btle.o (__umulhisi3)
/usr/lib/gcc/avr/4.8.2/avr51/libgcc.a(_exit.o)
                              /usr/lib/gcc/avr/4.8.2/../../../avr/lib/avr51/crtm1284p.o (exit)
/usr/lib/gcc/avr/4.8.2/avr51/libgcc.a(_copy_data.o)
                              ./wan/wan_driver.o (__do_copy_data)
/usr/lib/gcc/avr/4.8.2/avr51/libgcc.a(_clear_bss.o)
                              ./wan/wan_driver.o (__do_clear_bss)
/usr/lib/gcc/avr/4.8.2/../../../avr/lib/avr51/libm.a(cmpsf2.o)
                              ./main.o (__ltsf2)
/usr/lib/gcc/avr/4.8.2/../../../avr/lib/avr51/libm.a(fixunssfsi.o)
                              ./main.o (__fixunssfsi)
/usr/lib/gcc/avr/4.8.2/../../../avr/lib/avr51/libm.a(fp_cmp.o)
                              /usr/lib/gcc/avr/4.8.2/../../../avr/lib/avr51/libm.a(cmpsf2.o) (__fp_cmp)
/usr/lib/gcc/avr/4.8.2/../../../avr/lib/avr51/libm.a(fp_split3.o)
                              /usr/lib/gcc/avr/4.8.2/../../../avr/lib/avr51/libm.a(fixunssfsi.o) (__fp_splitA)
/usr/lib/gcc/avr/4.8.2/../../../avr/lib/avr51/libm.a(fp_zero.o)
                              /usr/lib/gcc/avr/4.8.2/../../../avr/lib/avr51/libm.a(fixunssfsi.o) (__fp_zero)
/usr/lib/gcc/avr/4.8.2/../../../avr/lib/avr51/libm.a(gesf2.o)
                              ./main.o (__gtsf2)
/usr/lib/gcc/avr/4.8.2/../../../avr/lib/avr51/libm.a(mulsf3.o)
                              ./main.o (__mulsf3)
/usr/lib/gcc/avr/4.8.2/../../../avr/lib/avr51/libm.a(mulsf3x.o)
                              /usr/lib/gcc/avr/4.8.2/../../../avr/lib/avr51/libm.a(mulsf3.o) (__mulsf3x)
/usr/lib/gcc/avr/4.8.2/../../../avr/lib/avr51/libm.a(fp_inf.o)
                              /usr/lib/gcc/avr/4.8.2/../../../avr/lib/avr51/libm.a(mulsf3x.o) (__fp_inf)
/usr/lib/gcc/avr/4.8.2/../../../avr/lib/avr51/libm.a(fp_nan.o)
                              /usr/lib/gcc/avr/4.8.2/../../../avr/lib/avr51/libm.a(mulsf3x.o) (__fp_nan)
/usr/lib/gcc/avr/4.8.2/../../../avr/lib/avr51/libm.a(fp_pscA.o)
                              /usr/lib/gcc/avr/4.8.2/../../../avr/lib/avr51/libm.a(mulsf3x.o) (__fp_pscA)
/usr/lib/gcc/avr/4.8.2/../../../avr/lib/avr51/libm.a(fp_pscB.o)
                              /usr/lib/gcc/avr/4.8.2/../../../avr/lib/avr51/libm.a(mulsf3x.o) (__fp_pscB)
/usr/lib/gcc/avr/4.8.2/../../../avr/lib/avr51/libm.a(fp_round.o)
                              /usr/lib/gcc/avr/4.8.2/../../../avr/lib/avr51/libm.a(mulsf3.o) (__fp_round)
/usr/lib/gcc/avr/4.8.2/../../../avr/lib/avr51/libc.a(malloc.o)
                              ./main.o (malloc)
/usr/lib/gcc/avr/4.8.2/../../../avr/lib/avr51/libc.a(memset.o)
                              ./wan/wan_driver.o (memset)
/usr/lib/gcc/avr/4.8.2/../../../avr/lib/avr51/libc.a(strcpy.o)
                              ./wan/wan_driver.o (strcpy)
/usr/lib/gcc/avr/4.8.2/../../../avr/lib/avr51/libc.a(strstr.o)
                              ./wan/wan_driver.o (strstr)
/usr/lib/gcc/avr/4.8.2/../../../avr/lib/avr51/libc.a(sprintf.o)
                              ./wan/wan_driver.o (sprintf)
/usr/lib/gcc/avr/4.8.2/../../../avr/lib/avr51/libc.a(vfprintf_std.o)
                              /usr/lib/gcc/avr/4.8.2/../../../avr/lib/avr51/libc.a(sprintf.o) (vfprintf)
/usr/lib/gcc/avr/4.8.2/../../../avr/lib/avr51/libc.a(strnlen_P.o)
                              /usr/lib/gcc/avr/4.8.2/../../../avr/lib/avr51/libc.a(vfprintf_std.o) (strnlen_P)
/usr/lib/gcc/avr/4.8.2/../../../avr/lib/avr51/libc.a(strnlen.o)
                              /usr/lib/gcc/avr/4.8.2/../../../avr/lib/avr51/libc.a(vfprintf_std.o) (strnlen)
/usr/lib/gcc/avr/4.8.2/../../../avr/lib/avr51/libc.a(fputc.o)
                              /usr/lib/gcc/avr/4.8.2/../../../avr/lib/avr51/libc.a(vfprintf_std.o) (fputc)
/usr/lib/gcc/avr/4.8.2/../../../avr/lib/avr51/libc.a(ultoa_invert.o)
                              /usr/lib/gcc/avr/4.8.2/../../../avr/lib/avr51/libc.a(vfprintf_std.o) (__ultoa_invert)

Allocating common symbols
Common symbol       size              file

msg                 0x100             ./main.o
wan_line_buffer     0x81              ./wan/wan_driver.o
__brkval            0x2               /usr/lib/gcc/avr/4.8.2/../../../avr/lib/avr51/libc.a(malloc.o)
bytes_message       0x40              ./wan/wan_driver.o
wan_lines           0x81              ./wan/wan_driver.o
data                0x1               ./main.o
bytes_received      0x40              ./wan/wan_driver.o
__flp               0x2               /usr/lib/gcc/avr/4.8.2/../../../avr/lib/avr51/libc.a(malloc.o)
len                 0x1               ./main.o
btle_rx_cb          0x2               ./usart/usart_btle.o

Memory Configuration

Name             Origin             Length             Attributes
text             0x0000000000000000 0x0000000000020000 xr
data             0x0000000000800100 0x000000000000ff00 rw !x
eeprom           0x0000000000810000 0x0000000000010000 rw !x
fuse             0x0000000000820000 0x0000000000000400 rw !x
lock             0x0000000000830000 0x0000000000000400 rw !x
signature        0x0000000000840000 0x0000000000000400 rw !x
user_signatures  0x0000000000850000 0x0000000000000400 rw !x
*default*        0x0000000000000000 0xffffffffffffffff

Linker script and memory map

Address of section .data set to 0x800100
LOAD /usr/lib/gcc/avr/4.8.2/../../../avr/lib/avr51/crtm1284p.o
LOAD ./wan/wan.o
LOAD ./wan/wan_driver.o
LOAD ./usart/usart_btle.o
LOAD ./usart/usart_wan.o
LOAD ./main.o
START GROUP
LOAD /usr/lib/gcc/avr/4.8.2/avr51/libgcc.a
LOAD /usr/lib/gcc/avr/4.8.2/../../../avr/lib/avr51/libm.a
LOAD /usr/lib/gcc/avr/4.8.2/../../../avr/lib/avr51/libc.a
END GROUP

.hash
 *(.hash)

.dynsym
 *(.dynsym)

.dynstr
 *(.dynstr)

.gnu.version
 *(.gnu.version)

.gnu.version_d
 *(.gnu.version_d)

.gnu.version_r
 *(.gnu.version_r)

.rel.init
 *(.rel.init)

.rela.init
 *(.rela.init)

.rel.text
 *(.rel.text)
 *(.rel.text.*)
 *(.rel.gnu.linkonce.t*)

.rela.text
 *(.rela.text)
 *(.rela.text.*)
 *(.rela.gnu.linkonce.t*)

.rel.fini
 *(.rel.fini)

.rela.fini
 *(.rela.fini)

.rel.rodata
 *(.rel.rodata)
 *(.rel.rodata.*)
 *(.rel.gnu.linkonce.r*)

.rela.rodata
 *(.rela.rodata)
 *(.rela.rodata.*)
 *(.rela.gnu.linkonce.r*)

.rel.data
 *(.rel.data)
 *(.rel.data.*)
 *(.rel.gnu.linkonce.d*)

.rela.data
 *(.rela.data)
 *(.rela.data.*)
 *(.rela.gnu.linkonce.d*)

.rel.ctors
 *(.rel.ctors)

.rela.ctors
 *(.rela.ctors)

.rel.dtors
 *(.rel.dtors)

.rela.dtors
 *(.rela.dtors)

.rel.got
 *(.rel.got)

.rela.got
 *(.rela.got)

.rel.bss
 *(.rel.bss)

.rela.bss
 *(.rela.bss)

.rel.plt
 *(.rel.plt)

.rela.plt
 *(.rela.plt)

.text           0x0000000000000000     0x1940
 *(.vectors)
 .vectors       0x0000000000000000       0x8c /usr/lib/gcc/avr/4.8.2/../../../avr/lib/avr51/crtm1284p.o
                0x0000000000000000                __vectors
                0x0000000000000000                __vector_default
 *(.vectors)
 *(.progmem.gcc*)
 *(.progmem*)
 .progmem.data.BTLE_hex
                0x000000000000008c       0x11 ./usart/usart_btle.o
                0x000000000000008c                BTLE_hex
                0x000000000000009e                . = ALIGN (0x2)
 *fill*         0x000000000000009d        0x1 
                0x000000000000009e                __trampolines_start = .
 *(.trampolines)
 .trampolines   0x000000000000009e        0x0 linker stubs
 *(.trampolines*)
                0x000000000000009e                __trampolines_end = .
 *(.jumptables)
 *(.jumptables*)
 *(.lowtext)
 *(.lowtext*)
                0x000000000000009e                __ctors_start = .
 *(.ctors)
                0x000000000000009e                __ctors_end = .
                0x000000000000009e                __dtors_start = .
 *(.dtors)
                0x000000000000009e                __dtors_end = .
 SORT(*)(.ctors)
 SORT(*)(.dtors)
 *(.init0)
 .init0         0x000000000000009e        0x0 /usr/lib/gcc/avr/4.8.2/../../../avr/lib/avr51/crtm1284p.o
                0x000000000000009e                __init
 *(.init0)
 *(.init1)
 *(.init1)
 *(.init2)
 .init2         0x000000000000009e        0xc /usr/lib/gcc/avr/4.8.2/../../../avr/lib/avr51/crtm1284p.o
 *(.init2)
 *(.init3)
 *(.init3)
 *(.init4)
 .init4         0x00000000000000aa       0x1a /usr/lib/gcc/avr/4.8.2/avr51/libgcc.a(_copy_data.o)
                0x00000000000000aa                __do_copy_data
 .init4         0x00000000000000c4       0x10 /usr/lib/gcc/avr/4.8.2/avr51/libgcc.a(_clear_bss.o)
                0x00000000000000c4                __do_clear_bss
 *(.init4)
 *(.init5)
 *(.init5)
 *(.init6)
 *(.init6)
 *(.init7)
 *(.init7)
 *(.init8)
 *(.init8)
 *(.init9)
 .init9         0x00000000000000d4        0x8 /usr/lib/gcc/avr/4.8.2/../../../avr/lib/avr51/crtm1284p.o
 *(.init9)
 *(.text)
 .text          0x00000000000000dc        0x4 /usr/lib/gcc/avr/4.8.2/../../../avr/lib/avr51/crtm1284p.o
                0x00000000000000dc                __vector_22
                0x00000000000000dc                __vector_1
                0x00000000000000dc                __vector_32
                0x00000000000000dc                __vector_34
                0x00000000000000dc                __vector_24
                0x00000000000000dc                __vector_12
                0x00000000000000dc                __bad_interrupt
                0x00000000000000dc                __vector_6
                0x00000000000000dc                __vector_31
                0x00000000000000dc                __vector_3
                0x00000000000000dc                __vector_23
                0x00000000000000dc                __vector_30
                0x00000000000000dc                __vector_25
                0x00000000000000dc                __vector_11
                0x00000000000000dc                __vector_13
                0x00000000000000dc                __vector_17
                0x00000000000000dc                __vector_19
                0x00000000000000dc                __vector_7
                0x00000000000000dc                __vector_27
                0x00000000000000dc                __vector_5
                0x00000000000000dc                __vector_33
                0x00000000000000dc                __vector_4
                0x00000000000000dc                __vector_9
                0x00000000000000dc                __vector_2
                0x00000000000000dc                __vector_21
                0x00000000000000dc                __vector_15
                0x00000000000000dc                __vector_29
                0x00000000000000dc                __vector_8
                0x00000000000000dc                __vector_26
                0x00000000000000dc                __vector_14
                0x00000000000000dc                __vector_10
                0x00000000000000dc                __vector_16
                0x00000000000000dc                __vector_18
                0x00000000000000dc                __vector_20
 .text          0x00000000000000e0        0x0 ./wan/wan.o
 .text          0x00000000000000e0        0x0 ./wan/wan_driver.o
 .text          0x00000000000000e0        0x0 ./usart/usart_btle.o
 .text          0x00000000000000e0        0x0 ./usart/usart_wan.o
 .text          0x00000000000000e0        0x0 ./main.o
 .text          0x00000000000000e0        0x0 /usr/lib/gcc/avr/4.8.2/avr51/libgcc.a(_umulhisi3.o)
 .text          0x00000000000000e0        0x0 /usr/lib/gcc/avr/4.8.2/avr51/libgcc.a(_exit.o)
 .text          0x00000000000000e0        0x0 /usr/lib/gcc/avr/4.8.2/avr51/libgcc.a(_copy_data.o)
 .text          0x00000000000000e0        0x0 /usr/lib/gcc/avr/4.8.2/avr51/libgcc.a(_clear_bss.o)
 .text          0x00000000000000e0        0x0 /usr/lib/gcc/avr/4.8.2/../../../avr/lib/avr51/libm.a(cmpsf2.o)
 .text          0x00000000000000e0        0x0 /usr/lib/gcc/avr/4.8.2/../../../avr/lib/avr51/libm.a(fixunssfsi.o)
 .text          0x00000000000000e0        0x0 /usr/lib/gcc/avr/4.8.2/../../../avr/lib/avr51/libm.a(fp_cmp.o)
 .text          0x00000000000000e0        0x0 /usr/lib/gcc/avr/4.8.2/../../../avr/lib/avr51/libm.a(fp_split3.o)
 .text          0x00000000000000e0        0x0 /usr/lib/gcc/avr/4.8.2/../../../avr/lib/avr51/libm.a(fp_zero.o)
 .text          0x00000000000000e0        0x0 /usr/lib/gcc/avr/4.8.2/../../../avr/lib/avr51/libm.a(gesf2.o)
 .text          0x00000000000000e0        0x0 /usr/lib/gcc/avr/4.8.2/../../../avr/lib/avr51/libm.a(mulsf3.o)
 .text          0x00000000000000e0        0x0 /usr/lib/gcc/avr/4.8.2/../../../avr/lib/avr51/libm.a(mulsf3x.o)
 .text          0x00000000000000e0        0x0 /usr/lib/gcc/avr/4.8.2/../../../avr/lib/avr51/libm.a(fp_inf.o)
 .text          0x00000000000000e0        0x0 /usr/lib/gcc/avr/4.8.2/../../../avr/lib/avr51/libm.a(fp_nan.o)
 .text          0x00000000000000e0        0x0 /usr/lib/gcc/avr/4.8.2/../../../avr/lib/avr51/libm.a(fp_pscA.o)
 .text          0x00000000000000e0        0x0 /usr/lib/gcc/avr/4.8.2/../../../avr/lib/avr51/libm.a(fp_pscB.o)
 .text          0x00000000000000e0        0x0 /usr/lib/gcc/avr/4.8.2/../../../avr/lib/avr51/libm.a(fp_round.o)
 .text          0x00000000000000e0        0x0 /usr/lib/gcc/avr/4.8.2/../../../avr/lib/avr51/libc.a(malloc.o)
 .text          0x00000000000000e0        0x0 /usr/lib/gcc/avr/4.8.2/../../../avr/lib/avr51/libc.a(memset.o)
 .text          0x00000000000000e0        0x0 /usr/lib/gcc/avr/4.8.2/../../../avr/lib/avr51/libc.a(strcpy.o)
 .text          0x00000000000000e0        0x0 /usr/lib/gcc/avr/4.8.2/../../../avr/lib/avr51/libc.a(strstr.o)
 .text          0x00000000000000e0        0x0 /usr/lib/gcc/avr/4.8.2/../../../avr/lib/avr51/libc.a(sprintf.o)
 .text          0x00000000000000e0        0x0 /usr/lib/gcc/avr/4.8.2/../../../avr/lib/avr51/libc.a(vfprintf_std.o)
 .text          0x00000000000000e0        0x0 /usr/lib/gcc/avr/4.8.2/../../../avr/lib/avr51/libc.a(strnlen_P.o)
 .text          0x00000000000000e0        0x0 /usr/lib/gcc/avr/4.8.2/../../../avr/lib/avr51/libc.a(strnlen.o)
 .text          0x00000000000000e0        0x0 /usr/lib/gcc/avr/4.8.2/../../../avr/lib/avr51/libc.a(fputc.o)
 .text          0x00000000000000e0        0x0 /usr/lib/gcc/avr/4.8.2/../../../avr/lib/avr51/libc.a(ultoa_invert.o)
                0x00000000000000e0                . = ALIGN (0x2)
 *(.text.*)
 .text.wan_init
                0x00000000000000e0       0x16 ./wan/wan.o
                0x00000000000000e0                wan_init
 .text.wan_set_cts
                0x00000000000000f6       0x20 ./wan/wan.o
                0x00000000000000f6                wan_set_cts
 .text.wan_get_rts
                0x0000000000000116       0x18 ./wan/wan.o
                0x0000000000000116                wan_get_rts
 .text.wan_tick
                0x000000000000012e       0x12 ./wan/wan.o
                0x000000000000012e                wan_tick
 .text.wan_driver_init
                0x0000000000000140       0x16 ./wan/wan_driver.o
                0x0000000000000140                wan_driver_init
 .text.wan_driver_tick
                0x0000000000000156      0x162 ./wan/wan_driver.o
                0x0000000000000156                wan_driver_tick
 .text.init_buffer
                0x00000000000002b8       0x26 ./wan/wan_driver.o
 .text.init_lines
                0x00000000000002de       0x1e ./wan/wan_driver.o
 .text.handle_data
                0x00000000000002fc       0x74 ./wan/wan_driver.o
 .text.parse_data
                0x0000000000000370       0x62 ./wan/wan_driver.o
 .text.wan_handle_packet
                0x00000000000003d2       0x4a ./wan/wan_driver.o
 .text.wan_parse_nybble
                0x000000000000041c       0x52 ./wan/wan_driver.o
 .text._btle_set_rx_cb
                0x000000000000046e       0x24 ./usart/usart_btle.o
                0x000000000000046e                _btle_set_rx_cb
 .text.btle_usart_init
                0x0000000000000492       0x56 ./usart/usart_btle.o
                0x0000000000000492                btle_usart_init
 .text.btle_usart_init_cb
                0x00000000000004e8       0x68 ./usart/usart_btle.o
                0x00000000000004e8                btle_usart_init_cb
 .text.btle_usart_put_char
                0x0000000000000550       0x80 ./usart/usart_btle.o
                0x0000000000000550                btle_usart_put_char
 .text.btle_usart_clear_buffer
                0x00000000000005d0       0x1e ./usart/usart_btle.o
                0x00000000000005d0                btle_usart_clear_buffer
 .text.btle_usart_data_available
                0x00000000000005ee       0x46 ./usart/usart_btle.o
                0x00000000000005ee                btle_usart_data_available
 .text.btle_usart_data_read
                0x0000000000000634       0x7a ./usart/usart_btle.o
                0x0000000000000634                btle_usart_data_read
 .text.btle_usart_transmit
                0x00000000000006ae       0x34 ./usart/usart_btle.o
                0x00000000000006ae                btle_usart_transmit
 .text.btle_usart_transmit_bytes
                0x00000000000006e2       0x74 ./usart/usart_btle.o
                0x00000000000006e2                btle_usart_transmit_bytes
 .text.btle_usart_transmit_string
                0x0000000000000756       0x62 ./usart/usart_btle.o
                0x0000000000000756                btle_usart_transmit_string
 .text.wan_usart_init
                0x00000000000007b8       0x56 ./usart/usart_wan.o
                0x00000000000007b8                wan_usart_init
 .text.wan_usart_put_char
                0x000000000000080e       0x5a ./usart/usart_wan.o
                0x000000000000080e                wan_usart_put_char
 .text.wan_usart_clear_buffer
                0x0000000000000868       0x1e ./usart/usart_wan.o
                0x0000000000000868                wan_usart_clear_buffer
 .text.wan_usart_data_available
                0x0000000000000886       0x26 ./usart/usart_wan.o
                0x0000000000000886                wan_usart_data_available
 .text.wan_usart_data_read
                0x00000000000008ac       0x54 ./usart/usart_wan.o
                0x00000000000008ac                wan_usart_data_read
 .text.wan_usart_transmit
                0x0000000000000900       0x34 ./usart/usart_wan.o
                0x0000000000000900                wan_usart_transmit
 .text.wan_usart_transmit_bytes
                0x0000000000000934       0x74 ./usart/usart_wan.o
                0x0000000000000934                wan_usart_transmit_bytes
 .text.wan_usart_transmit_string
                0x00000000000009a8       0x74 ./usart/usart_wan.o
                0x00000000000009a8                wan_usart_transmit_string
 .text.main     0x0000000000000a1c      0x3aa ./main.o
                0x0000000000000a1c                main
 .text.__vector_28
                0x0000000000000dc6      0x102 ./main.o
                0x0000000000000dc6                __vector_28
 .text.libgcc.mul
                0x0000000000000ec8       0x1e /usr/lib/gcc/avr/4.8.2/avr51/libgcc.a(_umulhisi3.o)
                0x0000000000000ec8                __umulhisi3
 .text.libgcc.div
                0x0000000000000ee6        0x0 /usr/lib/gcc/avr/4.8.2/avr51/libgcc.a(_umulhisi3.o)
 .text.libgcc   0x0000000000000ee6        0x0 /usr/lib/gcc/avr/4.8.2/avr51/libgcc.a(_umulhisi3.o)
 .text.libgcc.prologue
                0x0000000000000ee6        0x0 /usr/lib/gcc/avr/4.8.2/avr51/libgcc.a(_umulhisi3.o)
 .text.libgcc.builtins
                0x0000000000000ee6        0x0 /usr/lib/gcc/avr/4.8.2/avr51/libgcc.a(_umulhisi3.o)
 .text.libgcc.fmul
                0x0000000000000ee6        0x0 /usr/lib/gcc/avr/4.8.2/avr51/libgcc.a(_umulhisi3.o)
 .text.libgcc.fixed
                0x0000000000000ee6        0x0 /usr/lib/gcc/avr/4.8.2/avr51/libgcc.a(_umulhisi3.o)
 .text.libgcc.mul
                0x0000000000000ee6        0x0 /usr/lib/gcc/avr/4.8.2/avr51/libgcc.a(_exit.o)
 .text.libgcc.div
                0x0000000000000ee6        0x0 /usr/lib/gcc/avr/4.8.2/avr51/libgcc.a(_exit.o)
 .text.libgcc   0x0000000000000ee6        0x0 /usr/lib/gcc/avr/4.8.2/avr51/libgcc.a(_exit.o)
 .text.libgcc.prologue
                0x0000000000000ee6        0x0 /usr/lib/gcc/avr/4.8.2/avr51/libgcc.a(_exit.o)
 .text.libgcc.builtins
                0x0000000000000ee6        0x0 /usr/lib/gcc/avr/4.8.2/avr51/libgcc.a(_exit.o)
 .text.libgcc.fmul
                0x0000000000000ee6        0x0 /usr/lib/gcc/avr/4.8.2/avr51/libgcc.a(_exit.o)
 .text.libgcc.fixed
                0x0000000000000ee6        0x0 /usr/lib/gcc/avr/4.8.2/avr51/libgcc.a(_exit.o)
 .text.libgcc.mul
                0x0000000000000ee6        0x0 /usr/lib/gcc/avr/4.8.2/avr51/libgcc.a(_copy_data.o)
 .text.libgcc.div
                0x0000000000000ee6        0x0 /usr/lib/gcc/avr/4.8.2/avr51/libgcc.a(_copy_data.o)
 .text.libgcc   0x0000000000000ee6        0x0 /usr/lib/gcc/avr/4.8.2/avr51/libgcc.a(_copy_data.o)
 .text.libgcc.prologue
                0x0000000000000ee6        0x0 /usr/lib/gcc/avr/4.8.2/avr51/libgcc.a(_copy_data.o)
 .text.libgcc.builtins
                0x0000000000000ee6        0x0 /usr/lib/gcc/avr/4.8.2/avr51/libgcc.a(_copy_data.o)
 .text.libgcc.fmul
                0x0000000000000ee6        0x0 /usr/lib/gcc/avr/4.8.2/avr51/libgcc.a(_copy_data.o)
 .text.libgcc.fixed
                0x0000000000000ee6        0x0 /usr/lib/gcc/avr/4.8.2/avr51/libgcc.a(_copy_data.o)
 .text.libgcc.mul
                0x0000000000000ee6        0x0 /usr/lib/gcc/avr/4.8.2/avr51/libgcc.a(_clear_bss.o)
 .text.libgcc.div
                0x0000000000000ee6        0x0 /usr/lib/gcc/avr/4.8.2/avr51/libgcc.a(_clear_bss.o)
 .text.libgcc   0x0000000000000ee6        0x0 /usr/lib/gcc/avr/4.8.2/avr51/libgcc.a(_clear_bss.o)
 .text.libgcc.prologue
                0x0000000000000ee6        0x0 /usr/lib/gcc/avr/4.8.2/avr51/libgcc.a(_clear_bss.o)
 .text.libgcc.builtins
                0x0000000000000ee6        0x0 /usr/lib/gcc/avr/4.8.2/avr51/libgcc.a(_clear_bss.o)
 .text.libgcc.fmul
                0x0000000000000ee6        0x0 /usr/lib/gcc/avr/4.8.2/avr51/libgcc.a(_clear_bss.o)
 .text.libgcc.fixed
                0x0000000000000ee6        0x0 /usr/lib/gcc/avr/4.8.2/avr51/libgcc.a(_clear_bss.o)
 .text.avr-libc.fplib
                0x0000000000000ee6        0x8 /usr/lib/gcc/avr/4.8.2/../../../avr/lib/avr51/libm.a(cmpsf2.o)
                0x0000000000000ee6                __lesf2
                0x0000000000000ee6                __nesf2
                0x0000000000000ee6                __eqsf2
                0x0000000000000ee6                __cmpsf2
                0x0000000000000ee6                __ltsf2
 .text.avr-libc.fplib
                0x0000000000000eee       0x58 /usr/lib/gcc/avr/4.8.2/../../../avr/lib/avr51/libm.a(fixunssfsi.o)
                0x0000000000000eee                __fixunssfsi
 .text.avr-libc.fplib
                0x0000000000000f46       0x48 /usr/lib/gcc/avr/4.8.2/../../../avr/lib/avr51/libm.a(fp_cmp.o)
                0x0000000000000f46                __fp_cmp
 .text.avr-libc.fplib
                0x0000000000000f8e       0x44 /usr/lib/gcc/avr/4.8.2/../../../avr/lib/avr51/libm.a(fp_split3.o)
                0x0000000000000f8e                __fp_split3
                0x0000000000000f9e                __fp_splitA
 .text.avr-libc.fplib
                0x0000000000000fd2        0xe /usr/lib/gcc/avr/4.8.2/../../../avr/lib/avr51/libm.a(fp_zero.o)
                0x0000000000000fd2                __fp_zero
                0x0000000000000fd4                __fp_szero
 .text.avr-libc.fplib
                0x0000000000000fe0        0x8 /usr/lib/gcc/avr/4.8.2/../../../avr/lib/avr51/libm.a(gesf2.o)
                0x0000000000000fe0                __gtsf2
                0x0000000000000fe0                __gesf2
 .text.avr-libc.fplib
                0x0000000000000fe8        0x4 /usr/lib/gcc/avr/4.8.2/../../../avr/lib/avr51/libm.a(mulsf3.o)
                0x0000000000000fe8                __mulsf3
 .text.avr-libc.fplib
                0x0000000000000fec       0xc2 /usr/lib/gcc/avr/4.8.2/../../../avr/lib/avr51/libm.a(mulsf3x.o)
                0x0000000000001000                __mulsf3x
                0x0000000000001004                __mulsf3_pse
 .text.avr-libc.fplib
                0x00000000000010ae        0xc /usr/lib/gcc/avr/4.8.2/../../../avr/lib/avr51/libm.a(fp_inf.o)
                0x00000000000010ae                __fp_inf
 .text.avr-libc.fplib
                0x00000000000010ba        0x6 /usr/lib/gcc/avr/4.8.2/../../../avr/lib/avr51/libm.a(fp_nan.o)
                0x00000000000010ba                __fp_nan
 .text.avr-libc.fplib
                0x00000000000010c0        0xe /usr/lib/gcc/avr/4.8.2/../../../avr/lib/avr51/libm.a(fp_pscA.o)
                0x00000000000010c0                __fp_pscA
 .text.avr-libc.fplib
                0x00000000000010ce        0xe /usr/lib/gcc/avr/4.8.2/../../../avr/lib/avr51/libm.a(fp_pscB.o)
                0x00000000000010ce                __fp_pscB
 .text.avr-libc.fplib
                0x00000000000010dc       0x22 /usr/lib/gcc/avr/4.8.2/../../../avr/lib/avr51/libm.a(fp_round.o)
                0x00000000000010dc                __fp_round
 .text.avr-libc
                0x00000000000010fe      0x24e /usr/lib/gcc/avr/4.8.2/../../../avr/lib/avr51/libc.a(malloc.o)
                0x00000000000010fe                malloc
                0x000000000000122e                free
 .text.avr-libc
                0x000000000000134c        0xe /usr/lib/gcc/avr/4.8.2/../../../avr/lib/avr51/libc.a(memset.o)
                0x000000000000134c                memset
 .text.avr-libc
                0x000000000000135a        0xe /usr/lib/gcc/avr/4.8.2/../../../avr/lib/avr51/libc.a(strcpy.o)
                0x000000000000135a                strcpy
 .text.avr-libc
                0x0000000000001368       0x34 /usr/lib/gcc/avr/4.8.2/../../../avr/lib/avr51/libc.a(strstr.o)
                0x0000000000001368                strstr
 .text.avr-libc
                0x000000000000139c       0x5e /usr/lib/gcc/avr/4.8.2/../../../avr/lib/avr51/libc.a(sprintf.o)
                0x000000000000139c                sprintf
 .text.avr-libc
                0x00000000000013fa      0x3f6 /usr/lib/gcc/avr/4.8.2/../../../avr/lib/avr51/libc.a(vfprintf_std.o)
                0x00000000000013fa                vfprintf
 .text.avr-libc
                0x00000000000017f0       0x16 /usr/lib/gcc/avr/4.8.2/../../../avr/lib/avr51/libc.a(strnlen_P.o)
                0x00000000000017f0                strnlen_P
 .text.avr-libc
                0x0000000000001806       0x16 /usr/lib/gcc/avr/4.8.2/../../../avr/lib/avr51/libc.a(strnlen.o)
                0x0000000000001806                strnlen
 .text.avr-libc
                0x000000000000181c       0x64 /usr/lib/gcc/avr/4.8.2/../../../avr/lib/avr51/libc.a(fputc.o)
                0x000000000000181c                fputc
 .text.avr-libc
                0x0000000000001880       0xbc /usr/lib/gcc/avr/4.8.2/../../../avr/lib/avr51/libc.a(ultoa_invert.o)
                0x0000000000001880                __ultoa_invert
                0x000000000000193c                . = ALIGN (0x2)
 *(.fini9)
 .fini9         0x000000000000193c        0x0 /usr/lib/gcc/avr/4.8.2/avr51/libgcc.a(_exit.o)
                0x000000000000193c                exit
                0x000000000000193c                _exit
 *(.fini9)
 *(.fini8)
 *(.fini8)
 *(.fini7)
 *(.fini7)
 *(.fini6)
 *(.fini6)
 *(.fini5)
 *(.fini5)
 *(.fini4)
 *(.fini4)
 *(.fini3)
 *(.fini3)
 *(.fini2)
 *(.fini2)
 *(.fini1)
 *(.fini1)
 *(.fini0)
 .fini0         0x000000000000193c        0x4 /usr/lib/gcc/avr/4.8.2/avr51/libgcc.a(_exit.o)
 *(.fini0)
                0x0000000000001940                _etext = .

.data           0x0000000000800100       0x64 load address 0x0000000000001940
                0x0000000000800100                PROVIDE (__data_start, .)
 *(.data)
 .data          0x0000000000800100        0x0 /usr/lib/gcc/avr/4.8.2/../../../avr/lib/avr51/crtm1284p.o
 .data          0x0000000000800100        0x0 ./wan/wan.o
 .data          0x0000000000800100        0x0 ./wan/wan_driver.o
 .data          0x0000000000800100        0x0 ./usart/usart_btle.o
 .data          0x0000000000800100        0x0 ./usart/usart_wan.o
 .data          0x0000000000800100        0x0 ./main.o
 .data          0x0000000000800100        0x0 /usr/lib/gcc/avr/4.8.2/avr51/libgcc.a(_umulhisi3.o)
 .data          0x0000000000800100        0x0 /usr/lib/gcc/avr/4.8.2/avr51/libgcc.a(_exit.o)
 .data          0x0000000000800100        0x0 /usr/lib/gcc/avr/4.8.2/avr51/libgcc.a(_copy_data.o)
 .data          0x0000000000800100        0x0 /usr/lib/gcc/avr/4.8.2/avr51/libgcc.a(_clear_bss.o)
 .data          0x0000000000800100        0x0 /usr/lib/gcc/avr/4.8.2/../../../avr/lib/avr51/libm.a(cmpsf2.o)
 .data          0x0000000000800100        0x0 /usr/lib/gcc/avr/4.8.2/../../../avr/lib/avr51/libm.a(fixunssfsi.o)
 .data          0x0000000000800100        0x0 /usr/lib/gcc/avr/4.8.2/../../../avr/lib/avr51/libm.a(fp_cmp.o)
 .data          0x0000000000800100        0x0 /usr/lib/gcc/avr/4.8.2/../../../avr/lib/avr51/libm.a(fp_split3.o)
 .data          0x0000000000800100        0x0 /usr/lib/gcc/avr/4.8.2/../../../avr/lib/avr51/libm.a(fp_zero.o)
 .data          0x0000000000800100        0x0 /usr/lib/gcc/avr/4.8.2/../../../avr/lib/avr51/libm.a(gesf2.o)
 .data          0x0000000000800100        0x0 /usr/lib/gcc/avr/4.8.2/../../../avr/lib/avr51/libm.a(mulsf3.o)
 .data          0x0000000000800100        0x0 /usr/lib/gcc/avr/4.8.2/../../../avr/lib/avr51/libm.a(mulsf3x.o)
 .data          0x0000000000800100        0x0 /usr/lib/gcc/avr/4.8.2/../../../avr/lib/avr51/libm.a(fp_inf.o)
 .data          0x0000000000800100        0x0 /usr/lib/gcc/avr/4.8.2/../../../avr/lib/avr51/libm.a(fp_nan.o)
 .data          0x0000000000800100        0x0 /usr/lib/gcc/avr/4.8.2/../../../avr/lib/avr51/libm.a(fp_pscA.o)
 .data          0x0000000000800100        0x0 /usr/lib/gcc/avr/4.8.2/../../../avr/lib/avr51/libm.a(fp_pscB.o)
 .data          0x0000000000800100        0x0 /usr/lib/gcc/avr/4.8.2/../../../avr/lib/avr51/libm.a(fp_round.o)
 .data          0x0000000000800100        0x6 /usr/lib/gcc/avr/4.8.2/../../../avr/lib/avr51/libc.a(malloc.o)
                0x0000000000800100                __malloc_heap_end
                0x0000000000800102                __malloc_heap_start
                0x0000000000800104                __malloc_margin
 .data          0x0000000000800106        0x0 /usr/lib/gcc/avr/4.8.2/../../../avr/lib/avr51/libc.a(memset.o)
 .data          0x0000000000800106        0x0 /usr/lib/gcc/avr/4.8.2/../../../avr/lib/avr51/libc.a(strcpy.o)
 .data          0x0000000000800106        0x0 /usr/lib/gcc/avr/4.8.2/../../../avr/lib/avr51/libc.a(strstr.o)
 .data          0x0000000000800106        0x0 /usr/lib/gcc/avr/4.8.2/../../../avr/lib/avr51/libc.a(sprintf.o)
 .data          0x0000000000800106        0x0 /usr/lib/gcc/avr/4.8.2/../../../avr/lib/avr51/libc.a(vfprintf_std.o)
 .data          0x0000000000800106        0x0 /usr/lib/gcc/avr/4.8.2/../../../avr/lib/avr51/libc.a(strnlen_P.o)
 .data          0x0000000000800106        0x0 /usr/lib/gcc/avr/4.8.2/../../../avr/lib/avr51/libc.a(strnlen.o)
 .data          0x0000000000800106        0x0 /usr/lib/gcc/avr/4.8.2/../../../avr/lib/avr51/libc.a(fputc.o)
 .data          0x0000000000800106        0x0 /usr/lib/gcc/avr/4.8.2/../../../avr/lib/avr51/libc.a(ultoa_invert.o)
 *(.data*)
 .data.WAN_HEX_DIGITS
                0x0000000000800106       0x11 ./wan/wan_driver.o
                0x0000000000800106                WAN_HEX_DIGITS
 *(.rodata)
 .rodata        0x0000000000800117        0x8 ./wan/wan_driver.o
 .rodata        0x000000000080011f       0x44 ./main.o
 *(.rodata*)
 *(.gnu.linkonce.d*)
                0x0000000000800164                . = ALIGN (0x2)
 *fill*         0x0000000000800163        0x1 
                0x0000000000800164                _edata = .
                0x0000000000800164                PROVIDE (__data_end, .)

.bss            0x0000000000800164      0x4d1
                0x0000000000800164                PROVIDE (__bss_start, .)
 *(.bss)
 .bss           0x0000000000800164        0x0 /usr/lib/gcc/avr/4.8.2/../../../avr/lib/avr51/crtm1284p.o
 .bss           0x0000000000800164        0x0 ./wan/wan.o
 .bss           0x0000000000800164        0x0 ./wan/wan_driver.o
 .bss           0x0000000000800164        0x0 ./usart/usart_btle.o
 .bss           0x0000000000800164        0x0 ./usart/usart_wan.o
 .bss           0x0000000000800164        0x0 ./main.o
 .bss           0x0000000000800164        0x0 /usr/lib/gcc/avr/4.8.2/avr51/libgcc.a(_umulhisi3.o)
 .bss           0x0000000000800164        0x0 /usr/lib/gcc/avr/4.8.2/avr51/libgcc.a(_exit.o)
 .bss           0x0000000000800164        0x0 /usr/lib/gcc/avr/4.8.2/avr51/libgcc.a(_copy_data.o)
 .bss           0x0000000000800164        0x0 /usr/lib/gcc/avr/4.8.2/avr51/libgcc.a(_clear_bss.o)
 .bss           0x0000000000800164        0x0 /usr/lib/gcc/avr/4.8.2/../../../avr/lib/avr51/libm.a(cmpsf2.o)
 .bss           0x0000000000800164        0x0 /usr/lib/gcc/avr/4.8.2/../../../avr/lib/avr51/libm.a(fixunssfsi.o)
 .bss           0x0000000000800164        0x0 /usr/lib/gcc/avr/4.8.2/../../../avr/lib/avr51/libm.a(fp_cmp.o)
 .bss           0x0000000000800164        0x0 /usr/lib/gcc/avr/4.8.2/../../../avr/lib/avr51/libm.a(fp_split3.o)
 .bss           0x0000000000800164        0x0 /usr/lib/gcc/avr/4.8.2/../../../avr/lib/avr51/libm.a(fp_zero.o)
 .bss           0x0000000000800164        0x0 /usr/lib/gcc/avr/4.8.2/../../../avr/lib/avr51/libm.a(gesf2.o)
 .bss           0x0000000000800164        0x0 /usr/lib/gcc/avr/4.8.2/../../../avr/lib/avr51/libm.a(mulsf3.o)
 .bss           0x0000000000800164        0x0 /usr/lib/gcc/avr/4.8.2/../../../avr/lib/avr51/libm.a(mulsf3x.o)
 .bss           0x0000000000800164        0x0 /usr/lib/gcc/avr/4.8.2/../../../avr/lib/avr51/libm.a(fp_inf.o)
 .bss           0x0000000000800164        0x0 /usr/lib/gcc/avr/4.8.2/../../../avr/lib/avr51/libm.a(fp_nan.o)
 .bss           0x0000000000800164        0x0 /usr/lib/gcc/avr/4.8.2/../../../avr/lib/avr51/libm.a(fp_pscA.o)
 .bss           0x0000000000800164        0x0 /usr/lib/gcc/avr/4.8.2/../../../avr/lib/avr51/libm.a(fp_pscB.o)
 .bss           0x0000000000800164        0x0 /usr/lib/gcc/avr/4.8.2/../../../avr/lib/avr51/libm.a(fp_round.o)
 .bss           0x0000000000800164        0x0 /usr/lib/gcc/avr/4.8.2/../../../avr/lib/avr51/libc.a(malloc.o)
 .bss           0x0000000000800164        0x0 /usr/lib/gcc/avr/4.8.2/../../../avr/lib/avr51/libc.a(memset.o)
 .bss           0x0000000000800164        0x0 /usr/lib/gcc/avr/4.8.2/../../../avr/lib/avr51/libc.a(strcpy.o)
 .bss           0x0000000000800164        0x0 /usr/lib/gcc/avr/4.8.2/../../../avr/lib/avr51/libc.a(strstr.o)
 .bss           0x0000000000800164        0x0 /usr/lib/gcc/avr/4.8.2/../../../avr/lib/avr51/libc.a(sprintf.o)
 .bss           0x0000000000800164        0x0 /usr/lib/gcc/avr/4.8.2/../../../avr/lib/avr51/libc.a(vfprintf_std.o)
 .bss           0x0000000000800164        0x0 /usr/lib/gcc/avr/4.8.2/../../../avr/lib/avr51/libc.a(strnlen_P.o)
 .bss           0x0000000000800164        0x0 /usr/lib/gcc/avr/4.8.2/../../../avr/lib/avr51/libc.a(strnlen.o)
 .bss           0x0000000000800164        0x0 /usr/lib/gcc/avr/4.8.2/../../../avr/lib/avr51/libc.a(fputc.o)
 .bss           0x0000000000800164        0x0 /usr/lib/gcc/avr/4.8.2/../../../avr/lib/avr51/libc.a(ultoa_invert.o)
 *(.bss*)
 .bss.wan_index
                0x0000000000800164        0x2 ./wan/wan_driver.o
                0x0000000000800164                wan_index
 .bss.wan_new_line
                0x0000000000800166        0x1 ./wan/wan_driver.o
                0x0000000000800166                wan_new_line
 .bss.wan_line_index
                0x0000000000800167        0x2 ./wan/wan_driver.o
                0x0000000000800167                wan_line_index
 .bss.array_index
                0x0000000000800169        0x1 ./wan/wan_driver.o
                0x0000000000800169                array_index
 .bss.message_index
                0x000000000080016a        0x1 ./wan/wan_driver.o
                0x000000000080016a                message_index
 .bss.message_length
                0x000000000080016b        0x2 ./wan/wan_driver.o
                0x000000000080016b                message_length
 .bss.cmd       0x000000000080016d        0x2 ./wan/wan_driver.o
                0x000000000080016d                cmd
 .bss.btle_buffer
                0x000000000080016f       0x36 ./usart/usart_btle.o
                0x000000000080016f                btle_buffer
 .bss.wan_buffer
                0x00000000008001a5      0x204 ./usart/usart_wan.o
                0x00000000008001a5                wan_buffer
 .bss.state     0x00000000008003a9        0x1 ./main.o
                0x00000000008003a9                state
 .bss.msgIndex  0x00000000008003aa        0x1 ./main.o
                0x00000000008003aa                msgIndex
 *(COMMON)
 COMMON         0x00000000008003ab      0x182 ./wan/wan_driver.o
                0x00000000008003ab                wan_line_buffer
                0x000000000080042c                bytes_message
                0x000000000080046c                wan_lines
                0x00000000008004ed                bytes_received
 COMMON         0x000000000080052d        0x2 ./usart/usart_btle.o
                0x000000000080052d                btle_rx_cb
 COMMON         0x000000000080052f      0x102 ./main.o
                0x000000000080052f                msg
                0x000000000080062f                data
                0x0000000000800630                len
 COMMON         0x0000000000800631        0x4 /usr/lib/gcc/avr/4.8.2/../../../avr/lib/avr51/libc.a(malloc.o)
                0x0000000000800631                __brkval
                0x0000000000800633                __flp
                0x0000000000800635                PROVIDE (__bss_end, .)
                0x0000000000001940                __data_load_start = LOADADDR (.data)
                0x00000000000019a4                __data_load_end = (__data_load_start + SIZEOF (.data))

.noinit         0x0000000000800635        0x0
                0x0000000000800635                PROVIDE (__noinit_start, .)
 *(.noinit*)
                0x0000000000800635                PROVIDE (__noinit_end, .)
                0x0000000000800635                _end = .
                0x0000000000800635                PROVIDE (__heap_start, .)

.eeprom         0x0000000000810000        0x0
 *(.eeprom*)
                0x0000000000810000                __eeprom_end = .

.fuse
 *(.fuse)
 *(.lfuse)
 *(.hfuse)
 *(.efuse)

.lock
 *(.lock*)

.signature
 *(.signature*)

.user_signatures
 *(.user_signatures*)

.stab           0x0000000000000000     0x5dcc
 *(.stab)
 .stab          0x0000000000000000      0x6cc /usr/lib/gcc/avr/4.8.2/../../../avr/lib/avr51/crtm1284p.o
 .stab          0x00000000000006cc      0x69c ./wan/wan.o
                                        0x6a8 (size before relaxing)
 .stab          0x0000000000000d68      0x84c ./wan/wan_driver.o
                                        0xb28 (size before relaxing)
 .stab          0x00000000000015b4      0x774 ./usart/usart_btle.o
                                        0x984 (size before relaxing)
 .stab          0x0000000000001d28      0x690 ./usart/usart_wan.o
                                        0x858 (size before relaxing)
 .stab          0x00000000000023b8      0x7bc ./main.o
                                        0xac8 (size before relaxing)
 .stab          0x0000000000002b74       0x90 /usr/lib/gcc/avr/4.8.2/../../../avr/lib/avr51/libm.a(cmpsf2.o)
                                         0x9c (size before relaxing)
 .stab          0x0000000000002c04      0x240 /usr/lib/gcc/avr/4.8.2/../../../avr/lib/avr51/libm.a(fixunssfsi.o)
                                        0x24c (size before relaxing)
 .stab          0x0000000000002e44      0x1e0 /usr/lib/gcc/avr/4.8.2/../../../avr/lib/avr51/libm.a(fp_cmp.o)
                                        0x1ec (size before relaxing)
 .stab          0x0000000000003024      0x1d4 /usr/lib/gcc/avr/4.8.2/../../../avr/lib/avr51/libm.a(fp_split3.o)
                                        0x1e0 (size before relaxing)
 .stab          0x00000000000031f8       0x90 /usr/lib/gcc/avr/4.8.2/../../../avr/lib/avr51/libm.a(fp_zero.o)
                                         0x9c (size before relaxing)
 .stab          0x0000000000003288       0x6c /usr/lib/gcc/avr/4.8.2/../../../avr/lib/avr51/libm.a(gesf2.o)
                                         0x78 (size before relaxing)
 .stab          0x00000000000032f4       0x48 /usr/lib/gcc/avr/4.8.2/../../../avr/lib/avr51/libm.a(mulsf3.o)
                                         0x54 (size before relaxing)
 .stab          0x000000000000333c      0x4d4 /usr/lib/gcc/avr/4.8.2/../../../avr/lib/avr51/libm.a(mulsf3x.o)
                                        0x4e0 (size before relaxing)
 .stab          0x0000000000003810       0x78 /usr/lib/gcc/avr/4.8.2/../../../avr/lib/avr51/libm.a(fp_inf.o)
                                         0x84 (size before relaxing)
 .stab          0x0000000000003888       0x54 /usr/lib/gcc/avr/4.8.2/../../../avr/lib/avr51/libm.a(fp_nan.o)
                                         0x60 (size before relaxing)
 .stab          0x00000000000038dc       0x84 /usr/lib/gcc/avr/4.8.2/../../../avr/lib/avr51/libm.a(fp_pscA.o)
                                         0x90 (size before relaxing)
 .stab          0x0000000000003960       0x84 /usr/lib/gcc/avr/4.8.2/../../../avr/lib/avr51/libm.a(fp_pscB.o)
                                         0x90 (size before relaxing)
 .stab          0x00000000000039e4       0xfc /usr/lib/gcc/avr/4.8.2/../../../avr/lib/avr51/libm.a(fp_round.o)
                                        0x108 (size before relaxing)
 .stab          0x0000000000003ae0      0x8dc /usr/lib/gcc/avr/4.8.2/../../../avr/lib/avr51/libc.a(malloc.o)
                                        0x8e8 (size before relaxing)
 .stab          0x00000000000043bc       0x6c /usr/lib/gcc/avr/4.8.2/../../../avr/lib/avr51/libc.a(memset.o)
                                         0x78 (size before relaxing)
 .stab          0x0000000000004428       0x6c /usr/lib/gcc/avr/4.8.2/../../../avr/lib/avr51/libc.a(strcpy.o)
                                         0x78 (size before relaxing)
 .stab          0x0000000000004494      0x150 /usr/lib/gcc/avr/4.8.2/../../../avr/lib/avr51/libc.a(strstr.o)
                                        0x15c (size before relaxing)
 .stab          0x00000000000045e4      0x384 /usr/lib/gcc/avr/4.8.2/../../../avr/lib/avr51/libc.a(sprintf.o)
                                        0x54c (size before relaxing)
 .stab          0x0000000000004968      0xb58 /usr/lib/gcc/avr/4.8.2/../../../avr/lib/avr51/libc.a(vfprintf_std.o)
                                        0xd80 (size before relaxing)
 .stab          0x00000000000054c0       0x9c /usr/lib/gcc/avr/4.8.2/../../../avr/lib/avr51/libc.a(strnlen_P.o)
                                         0xa8 (size before relaxing)
 .stab          0x000000000000555c       0x9c /usr/lib/gcc/avr/4.8.2/../../../avr/lib/avr51/libc.a(strnlen.o)
                                         0xa8 (size before relaxing)
 .stab          0x00000000000055f8      0x354 /usr/lib/gcc/avr/4.8.2/../../../avr/lib/avr51/libc.a(fputc.o)
                                        0x534 (size before relaxing)
 .stab          0x000000000000594c      0x480 /usr/lib/gcc/avr/4.8.2/../../../avr/lib/avr51/libc.a(ultoa_invert.o)
                                        0x48c (size before relaxing)

.stabstr        0x0000000000000000     0x288c
 *(.stabstr)
 .stabstr       0x0000000000000000     0x288c /usr/lib/gcc/avr/4.8.2/../../../avr/lib/avr51/crtm1284p.o

.stab.excl
 *(.stab.excl)

.stab.exclstr
 *(.stab.exclstr)

.stab.index
 *(.stab.index)

.stab.indexstr
 *(.stab.indexstr)

.comment        0x0000000000000000       0x11
 *(.comment)
 .comment       0x0000000000000000       0x11 ./wan/wan.o
                                         0x12 (size before relaxing)
 .comment       0x0000000000000000       0x12 ./wan/wan_driver.o
 .comment       0x0000000000000000       0x12 ./usart/usart_btle.o
 .comment       0x0000000000000000       0x12 ./usart/usart_wan.o
 .comment       0x0000000000000000       0x12 ./main.o
 .comment       0x0000000000000000       0x12 /usr/lib/gcc/avr/4.8.2/../../../avr/lib/avr51/libc.a(malloc.o)
 .comment       0x0000000000000000       0x12 /usr/lib/gcc/avr/4.8.2/../../../avr/lib/avr51/libc.a(sprintf.o)
 .comment       0x0000000000000000       0x12 /usr/lib/gcc/avr/4.8.2/../../../avr/lib/avr51/libc.a(vfprintf_std.o)
 .comment       0x0000000000000000       0x12 /usr/lib/gcc/avr/4.8.2/../../../avr/lib/avr51/libc.a(fputc.o)

.debug
 *(.debug)

.line
 *(.line)

.debug_srcinfo
 *(.debug_srcinfo)

.debug_sfnames
 *(.debug_sfnames)

.debug_aranges
 *(.debug_aranges)

.debug_pubnames
 *(.debug_pubnames)

.debug_info
 *(.debug_info)
 *(.gnu.linkonce.wi.*)

.debug_abbrev
 *(.debug_abbrev)

.debug_line
 *(.debug_line)

.debug_frame
 *(.debug_frame)

.debug_str
 *(.debug_str)

.debug_loc
 *(.debug_loc)

.debug_macinfo
 *(.debug_macinfo)

.debug_pubtypes
 *(.debug_pubtypes)

.debug_ranges
 *(.debug_ranges)

.debug_macro
 *(.debug_macro)
OUTPUT(BGAPI-Spike.elf elf32-avr)
LOAD linker stubs
